src/app/create/page.tsx(180,29): error TS2322: Type '(field: string, value: string) => void' is not assignable to type '(field: string | number | symbol, value: string) => void'.
  Types of parameters 'field' and 'field' are incompatible.
    Type 'string | number | symbol' is not assignable to type 'string'.
      Type 'number' is not assignable to type 'string'.
src/app/create/page.tsx(185,29): error TS2322: Type '(field: string, value: string) => void' is not assignable to type '(field: string | number | symbol, value: string) => void'.
  Types of parameters 'field' and 'field' are incompatible.
    Type 'string | number | symbol' is not assignable to type 'string'.
      Type 'number' is not assignable to type 'string'.
src/components/invoice/ClientInfo.tsx(7,10): error TS2305: Module '"@/lib/types"' has no exported member 'ClientDetails'.
src/components/invoice/SenderInfo.tsx(9,10): error TS2305: Module '"@/lib/types"' has no exported member 'SenderDetails'.
